2
5
7
10
12
14
17
19
22
24
26
29
31
34
36
38
41
43
46
48
50
53
55
58
60
62
65
67
70
72
74
77
79
82
84
86
89
91
94
96
98
101
103
106
108
110
113
115
118
120
122
125
127
130
132
134
137
139
142
144
146
149
151
154
156
158
161
163
166
168
170
173
175
178
180
182
185
187
190
192
194
197
199
202
204
206
209
211
214
216
218
221
223
226
228
230
233
235
238
240
242
245
247
250
252
254
257
259
262
264
266
269
271
274
276
278
281
283
286
288
290
293
295
298
300
302
305
307
310
312
314
317
319
322
324
326
329
331
334
336
338
341
343
346
348
350
353
355
358
360
362
365
367
370
372
374
377
379
382
384
386
389
391
394
396
398
401
403
406
408
410
413
415
418
420
422
425
427
430
432
434
437
439
442
444
446
449
451
454
456
458
461
463
466
468
470
473
475
478
480
482
485
487
490
492
494
497
499
502
504
506
509
511
514
516
518
521
523
526
528
530
533
535
538
540
542
545
547
550
552
554
557
559
562
564
566
569
571
574
576
578
581
583
586
588
590
593
595
598
600
602
605
607
610
612
614
617
619
622
624
626
629
631
634
636
638
641
643
646
648
650
653
655
658
660
662
665
667
670
672
674
677
679
682
684
686
689
691
694
696
698
701
703
706
708
710
713
715
718
720
722
725
727
730
732
734
737
739
742
744
746
749
751
754
756
758
761
763
766
768
770
773
775
778
780
782
785
787
790
792
794
797
799
802
804
806
809
811
814
816
818
821
823
826
828
830
833
835
838
840
842
845
847
850
852
854
857
859
862
864
866
869
871
874
876
878
881
883
886
888
890
893
895
898
900
902
905
907
910
912
914
917
919
922
924
926
929
931
934
936
938
941
943
946
948
950
953
955
958
960
962
965
967
970
972
974
977
979
982
984
986
989
991
994
996
998
1001
1003
1006
1008
1010
1013
1015
1018
1020
1022
1025
1027
1030
1032
1034
1037
1039
1042
1044
1046
1049
1051
1054
1056
1058
1061
1063
1066
1068
1070
1073
1075
1078
1080
1082
1085
1087
1090
1092
1094
1097
1099
1102
1104
1106
1109
1111
1114
1116
1118
1121
1123
1126
1128
1130
1133
1135
1138
1140
1142
1145
1147
1150
1152
1154
1157
1159
1162
1164
1166
1169
1171
1174
1176
1178
1181
1183
1186
1188
1190
1193
1195
1198
1200
1202
1205
1207
1210
1212
1214
1217
1219
1222
1224
1226
1229
1231
1234
1236
1238
1241
1243
1246
1248
1250
1253
1255
1258
1260
1262
1265
1267
1270
1272
1274
1277
1279
1282
1284
1286
1289
1291
1294
1296
1298
1301
1303
1306
1308
1310
1313
1315
1318
1320
1322
1325
1327
1330
1332
1334
1337
1339
1342
1344
1346
1349
1351
1354
1356
1358
1361
1363
1366
1368
1370
1373
1375
1378
1380
1382
1385
1387
1390
1392
1394
1397
1399
1402
1404
1406
1409
1411
1414
1416
1418
1421
1423
1426
1428
1430
1433
1435
1438
1440
1442
1445
1447
1450
1452
1454
1457
1459
1462
1464
1466
1469
1471
1474
1476
1478
1481
1483
1486
1488
1490
1493
1495
1498
1500
1502
1505
1507
1510
1512
1514
1517
1519
1522
1524
1526
1529
1531
1534
1536
1538
1541
1543
1546
1548
1550
1553
1555
1558
1560
1562
1565
1567
1570
1572
1574
1577
1579
1582
1584
1586
1589
1591
1594
1596
1598
1601
1603
1606
1608
1610
1613
1615
1618
1620
1622
1625
1627
1630
1632
1634
1637
1639
1642
1644
1646
1649
1651
1654
1656
1658
1661
1663
1666
1668
1670
1673
1675
1678
1680
1682
1685
1687
1690
1692
1694
1697
1699
1702
1704
1706
1709
1711
1714
1716
1718
1721
1723
1726
1728
1730
1733
1735
1738
1740
1742
1745
1747
1750
1752
1754
1757
1759
1762
1764
1766
1769
1771
1774
1776
1778
1781
1783
1786
1788
1790
1793
1795
1798
1800
1802
1805
1807
1810
1812
1814
1817
1819
1822
1824
1826
1829
1831
1834
1836
1838
1841
1843
1846
1848
1850
1853
1855
1858
1860
1862
1865
1867
1870
1872
1874
1877
1879
1882
1884
1886
1889
1891
1894
1896
1898
1901
1903
1906
1908
1910
1913
1915
1918
1920
1922
1925
1927
1930
1932
1934
1937
1939
1942
1944
1946
1949
1951
1954
1956
1958
1961
1963
1966
1968
1970
1973
1975
1978
1980
1982
1985
1987
1990
1992
1994
1997
1999
2002
2004
2006
2009
2011
2014
2016
2018
2021
2023
2026
2028
2030
2033
2035
2038
2040
2042
2045
2047
2050
2052
2054
2057
2059
2062
2064
2066
2069
2071
2074
2076
2078
2081
2083
2086
2088
2090
2093
2095
2098
2100
2102
2105
2107
2110
2112
2114
2117
2119
2122
2124
2126
2129
2131
2134
2136
2138
2141
2143
2146
2148
2150
2153
2155
2158
2160
2162
2165
2167
2170
2172
2174
2177
2179
2182
2184
2186
2189
2191
2194
2196
2198
2201
2203
2206
2208
2210
2213
2215
2218
2220
2222
2225
2227
2230
2232
2234
2237
2239
2242
2244
2246
2249
2251
2254
2256
2258
2261
2263
2266
2268
2270
2273
2275
2278
2280
2282
2285
2287
2290
2292
2294
2297
2299
2302
2304
2306
2309
2311
2314
2316
2318
2321
2323
2326
2328
2330
2333
2335
2338
2340
2342
2345
2347
2350
2352
2354
2357
2359
2362
2364
2366
2369
2371
2374
2376
2378
2381
2383
2386
2388
2390
2393
2395
2398
2400
2402
2405
2407
2410
2412
2414
2417
2419
2422
2424
2426
2429
2431
2434
2436
2438
2441
2443
2446
2448
2450
2453
2455
2458
2460
2462
2465
2467
2470
2472
2474
2477
2479
2482
2484
2486
2489
2491
2494
2496
2498
2501
2503
2506
2508
2510
2513
2515
2518
2520
2522
2525
2527
2530
2532
2534
2537
2539
2542
2544
2546
2549
2551
2554
2556
2558
2561
2563
2566
2568
2570
2573
2575
2578
2580
2582
2585
2587
2590
2592
2594
2597
2599
2602
2604
2606
2609
2611
2614
2616
2618
2621
2623
2626
2628
2630
2633
2635
2638
2640
2642
2645
2647
2650
2652
2654
2657
2659
2662
2664
2666
2669
2671
2674
2676
2678
2681
2683
2686
2688
2690
2693
2695
2698
2700
2702
2705
2707
2710
2712
2714
2717
2719
2722
2724
2726
2729
2731
2734
2736
2738
2741
2743
2746
2748
2750
2753
2755
2758
2760
2762
2765
2767
2770
2772
2774
2777
2779
2782
2784
2786
2789
2791
2794
2796
2798
2801
2803
2806
2808
2810
2813
2815
2818
2820
2822
2825
2827
2830
2832
2834
2837
2839
2842
2844
2846
2849
2851
2854
2856
2858
2861
2863
2866
2868
2870
2873
2875
2878
2880
2882
2885
2887
2890
2892
2894
2897
2899
2902
2904
2906
2909
2911
2914
2916
2918
2921
2923
2926
2928
2930
2933
2935
2938
2940
2942
2945
2947
2950
2952
2954
2957
2959
2962
2964
2966
2969
2971
2974
2976
2978
2981
2983
2986
2988
2990
2993
2995
2998
3000
3002
3005
3007
3010
3012
3014
3017
3019
3022
3024
3026
3029
3031
3034
3036
3038
3041
3043
3046
3048
3050
3053
3055
3058
3060
3062
3065
3067
3070
3072
3074
3077
3079
3082
3084
3086
3089
3091
3094
3096
3098
3101
3103
3106
3108
3110
3113
3115
3118
3120
3122
3125
3127
3130
3132
3134
3137
3139
3142
3144
3146
3149
3151
3154
3156
3158
3161
3163
3166
3168
3170
3173
3175
3178
3180
3182
3185
3187
3190
3192
3194
3197
3199
3202
3204
3206
3209
3211
3214
3216
3218
3221
3223
3226
3228
3230
3233
3235
3238
3240
3242
3245
3247
3250
3252
3254
3257
3259
3262
3264
3266
3269
3271
3274
3276
3278
3281
3283
3286
3288
3290
3293
3295
3298
3300
3302
3305
3307
3310
3312
3314
3317
3319
3322
3324
3326
3329
3331
3334
3336
3338
3341
3343
3346
3348
3350
3353
3355
3358
3360
3362
3365
3367
3370
3372
3374
3377
3379
3382
3384
3386
3389
3391
3394
3396
3398
3401
3403
3406
3408
3410
3413
3415
3418
3420
3422
3425
3427
3430
3432
3434
3437
3439
3442
3444
3446
3449
3451
3454
3456
3458
3461
3463
3466
3468
3470
3473
3475
3478
3480
3482
3485
3487
3490
3492
3494
3497
3499
3502
3504
3506
3509
3511
3514
3516
3518
3521
3523
3526
3528
3530
3533
3535
3538
3540
3542
3545
3547
3550
3552
3554
3557
3559
3562
3564
3566
3569
3571
3574
3576
3578
3581
3583
3586
3588
3590
3593
3595
3598
3600
3602
3605
3607
3610
3612
3614
3617
3619
3622
3624
3626
3629
3631
3634
3636
3638
3641
3643
3646
3648
3650
3653
3655
3658
3660
3662
3665
3667
3670
3672
3674
3677
3679
3682
3684
3686
3689
3691
3694
3696
3698
3701
3703
3706
3708
3710
3713
3715
3718
3720
3722
3725
3727
3730
3732
3734
3737
3739
3742
3744
3746
3749
3751
3754
3756
3758
3761
3763
3766
3768
3770
3773
3775
3778
3780
3782
3785
3787
3790
3792
3794
3797
3799
3802
3804
3806
3809
3811
3814
3816
3818
3821
3823
3826
3828
3830
3833
3835
3838
3840
3842
3845
3847
3850
3852
3854
3857
3859
3862
3864
3866
3869
3871
3874
3876
3878
3881
3883
3886
3888
3890
3893
3895
3898
3900
3902
3905
3907
3910
3912
3914
3917
3919
3922
3924
3926
3929
3931
3934
3936
3938
3941
3943
3946
3948
3950
3953
3955
3958
3960
3962
3965
3967
3970
3972
3974
3977
3979
3982
3984
3986
3989
3991
3994
3996
3998
4001
4003
4006
4008
4010
4013
4015
4018
4020
4022
4025
4027
4030
4032
4034
4037
4039
4042
4044
4046
4049
4051
4054
4056
4058
4061
4063
4066
4068
4070
4073
4075
4078
4080
4082
4085
4087
4090
4092
4094
4097
4099
4102
4104
4106
4109
4111
4114
4116
4118
4121
4123
4126
4128
4130
4133
4135
4138
4140
4142
4145
4147
4150
4152
4154
4157
4159
4162
4164
4166
4169
4171
4174
4176
4178
4181
4183
4186
4188
4190
4193
4195
4198
4200
4202
4205
4207
4210
4212
4214
4217
4219
4222
4224
4226
4229
4231
4234
4236
4238
4241
4243
4246
4248
4250
4253
4255
4258
4260
4262
4265
4267
4270
4272
4274
4277
4279
4282
4284
4286
4289
4291
4294
4296
4298
4301
4303
4306
4308
4310
4313
4315
4318
4320
4322
4325
4327
4330
4332
4334
4337
4339
4342
4344
4346
4349
4351
4354
4356
4358
4361
4363
4366
4368
4370
4373
4375
4378
4380
4382
4385
4387
4390
4392
4394
4397
4399
4402
4404
4406
4409
4411
4414
4416
4418
4421
4423
4426
4428
4430
4433
4435
4438
4440
4442
4445
4447
4450
4452
4454
4457
4459
4462
4464
4466
4469
4471
4474
4476
4478
4481
4483
4486
4488
4490
4493
4495
4498
4500
4502
4505
4507
4510
4512
4514
4517
4519
4522
4524
4526
4529
4531
4534
4536
4538
4541
4543
4546
4548
4550
4553
4555
4558
4560
4562
4565
4567
4570
4572
4574
4577
4579
4582
4584
4586
4589
4591
4594
4596
4598
4601
4603
4606
4608
4610
4613
4615
4618
4620
4622
4625
4627
4630
4632
4634
4637
4639
4642
4644
4646
4649
4651
4654
4656
4658
4661
4663
4666
4668
4670
4673
4675
4678
4680
4682
4685
4687
4690
4692
4694
4697
4699
4702
4704
4706
4709
4711
4714
4716
4718
4721
4723
4726
4728
4730
4733
4735
4738
4740
4742
4745
4747
4750
4752
4754
4757
4759
4762
4764
4766
4769
4771
4774
4776
4778
4781
4783
4786
4788
4790
4793
4795
4798
4800
4802
4805
4807
4810
4812
4814
4817
4819
4822
4824
4826
4829
4831
4834
4836
4838
4841
4843
4846
4848
4850
4853
4855
4858
4860
4862
4865
4867
4870
4872
4874
4877
4879
4882
4884
4886
4889
4891
4894
4896
4898
4901
4903
4906
4908
4910
4913
4915
4918
4920
4922
4925
4927
4930
4932
4934
4937
4939
4942
4944
4946
4949
4951
4954
4956
4958
4961
4963
4966
4968
4970
4973
4975
4978
4980
4982
4985
4987
4990
4992
4994
4997
4999
5002
5004
5006
5009
5011
5014
5016
5018
5021
5023
5026
5028
5030
5033
5035
5038
5040
5042
5045
5047
5050
5052
5054
5057
5059
5062
5064
5066
5069
5071
5074
5076
5078
5081
5083
5086
5088
5090
5093
5095
5098
5100
5102
5105
5107
5110
5112
5114
5117
5119
5122
5124
5126
5129
5131
5134
5136
5138
5141
5143
5146
5148
5150
5153
5155
5158
5160
5162
5165
5167
5170
5172
5174
5177
5179
5182
5184
5186
5189
5191
5194
5196
5198
5201
5203
5206
5208
5210
5213
5215
5218
5220
5222
5225
5227
5230
5232
5234
5237
5239
5242
5244
5246
5249
5251
5254
5256
5258
5261
5263
5266
5268
5270
5273
5275
5278
5280
5282
5285
5287
5290
5292
5294
5297
5299
5302
5304
5306
5309
5311
5314
5316
5318
5321
5323
5326
5328
5330
5333
5335
5338
5340
5342
5345
5347
5350
5352
5354
5357
5359
5362
5364
5366
5369
5371
5374
5376
5378
5381
5383
5386
5388
5390
5393
5395
5398
5400
5402
5405
5407
5410
5412
5414
5417
5419
5422
5424
5426
5429
5431
5434
5436
5438
5441
5443
5446
5448
5450
5453
5455
5458
5460
5462
5465
5467
5470
5472
5474
5477
5479
5482
5484
5486
5489
5491
5494
5496
5498
5501
5503
5506
5508
5510
5513
5515
5518
5520
5522
5525
5527
5530
5532
5534
5537
5539
5542
5544
5546
5549
5551
5554
5556
5558
5561
5563
5566
5568
5570
5573
5575
5578
5580
5582
5585
5587
5590
5592
5594
5597
5599
5602
5604
5606
5609
5611
5614
5616
5618
5621
5623
5626
5628
5630
5633
5635
5638
5640
5642
5645
5647
5650
5652
5654
5657
5659
5662
5664
5666
5669
5671
5674
5676
5678
5681
5683
5686
5688
5690
5693
5695
5698
5700
5702
5705
5707
5710
5712
5714
5717
5719
5722
5724
5726
5729
5731
5734
5736
5738
5741
5743
5746
5748
5750
5753
5755
5758
5760
5762
5765
5767
5770
5772
5774
5777
5779
5782
5784
5786
5789
5791
5794
5796
5798
5801
5803
5806
5808
5810
5813
5815
5818
5820
5822
5825
5827
5830
5832
5834
5837
5839
5842
5844
5846
5849
5851
5854
5856
5858
5861
5863
5866
5868
5870
5873
5875
5878
5880
5882
5885
5887
5890
5892
5894
5897
5899
5902
5904
5906
5909
5911
5914
5916
5918
5921
5923
5926
5928
5930
5933
5935
5938
5940
5942
5945
5947
5950
5952
5954
5957
5959
5962
5964
5966
5969
5971
5974
5976
5978
5981
5983
5986
5988
5990
5993
5995
5998
6000
6002
6005
6007
6010
6012
6014
6017
6019
6022
6024
6026
6029
6031
6034
6036
6038
6041
6043
6046
6048
6050
6053
6055
6058
6060
6062
6065
6067
6070
6072
6074
6077
6079
6082
6084
6086
6089
6091
6094
6096
6098
6101
6103
6106
6108
6110
6113
6115
6118
6120
6122
6125
6127
6130
6132
6134
6137
6139
6142
6144
6146
6149
6151
6154
6156
6158
6161
6163
6166
6168
6170
6173
6175
6178
6180
6182
6185
6187
6190
6192
6194
6197
6199
6202
6204
6206
6209
6211
6214
6216
6218
6221
6223
6226
6228
6230
6233
6235
6238
6240
6242
6245
6247
6250
6252
6254
6257
6259
6262
6264
6266
6269
6271
6274
6276
6278
6281
6283
6286
6288
6290
6293
6295
6298
6300
6302
6305
6307
6310
6312
6314
6317
6319
6322
6324
6326
6329
6331
6334
6336
6338
6341
6343
6346
6348
6350
6353
6355
6358
6360
6362
6365
6367
6370
6372
6374
6377
6379
6382
6384
6386
6389
6391
6394
6396
6398
6401
6403
6406
6408
6410
6413
6415
6418
6420
6422
6425
6427
6430
6432
6434
6437
6439
6442
6444
6446
6449
6451
6454
6456
6458
6461
6463
6466
6468
6470
6473
6475
6478
6480
6482
6485
6487
6490
6492
6494
6497
6499
6502
6504
6506
6509
6511
6514
6516
6518
6521
6523
6526
6528
6530
6533
6535
6538
6540
6542
6545
6547
6550
6552
6554
6557
6559
6562
6564
6566
6569
6571
6574
6576
6578
6581
6583
6586
6588
6590
6593
6595
6598
6600
6602
6605
6607
6610
6612
6614
6617
6619
6622
6624
6626
6629
6631
6634
6636
6638
6641
6643
6646
6648
6650
6653
6655
6658
6660
6662
6665
6667
6670
6672
6674
6677
6679
6682
6684
6686
6689
6691
6694
6696
6698
6701
6703
6706
6708
6710
6713
6715
6718
6720
6722
6725
6727
6730
6732
6734
6737
6739
6742
6744
6746
6749
6751
6754
6756
6758
6761
6763
6766
6768
6770
6773
6775
6778
6780
6782
6785
6787
6790
6792
6794
6797
6799
6802
6804
6806
6809
6811
6814
6816
6818
6821
6823
6826
6828
6830
6833
6835
6838
6840
6842
6845
6847
6850
6852
6854
6857
6859
6862
6864
6866
6869
6871
6874
6876
6878
6881
6883
6886
6888
6890
6893
6895
6898
6900
6902
6905
6907
6910
6912
6914
6917
6919
6922
6924
6926
6929
6931
6934
6936
6938
6941
6943
6946
6948
6950
6953
6955
6958
6960
6962
6965
6967
6970
6972
6974
6977
6979
6982
6984
6986
6989
6991
6994
6996
6998
7001
7003
7006
7008
7010
7013
7015
7018
7020
7022
7025
7027
7030
7032
7034
7037
7039
7042
7044
7046
7049
7051
7054
7056
7058
7061
7063
7066
7068
7070
7073
7075
7078
7080
7082
7085
7087
7090
7092
7094
7097
7099
7102
7104
7106
7109
7111
7114
7116
7118
7121
7123
7126
7128
7130
7133
7135
7138
7140
7142
7145
7147
7150
7152
7154
7157
7159
7162
7164
7166
7169
7171
7174
7176
7178
7181
7183
7186
7188
7190
7193
7195
7198
7200
7202
7205
7207
7210
7212
7214
7217
7219
7222
7224
7226
7229
7231
7234
7236
7238
7241
7243
7246
7248
7250
7253
7255
7258
7260
7262
7265
7267
7270
7272
7274
7277
7279
7282
7284
7286
7289
7291
7294
7296
7298
7301
7303
7306
7308
7310
7313
7315
7318
7320
7322
7325
7327
7330
7332
7334
7337
7339
7342
7344
7346
7349
7351
7354
7356
7358
7361
7363
7366
7368
7370
7373
7375
7378
7380
7382
7385
7387
7390
7392
7394
7397
7399
7402
7404
7406
7409
7411
7414
7416
7418
7421
7423
7426
7428
7430
7433
7435
7438
7440
7442
7445
7447
7450
7452
7454
7457
7459
7462
7464
7466
7469
7471
7474
7476
7478
7481
7483
7486
7488
7490
7493
7495
7498
7500
7502
7505
7507
7510
7512
7514
7517
7519
7522
7524
7526
7529
7531
7534
7536
7538
7541
7543
7546
7548
7550
7553
7555
7558
7560
7562
7565
7567
7570
7572
7574
7577
7579
7582
7584
7586
7589
7591
7594
7596
7598
7601
7603
7606
7608
7610
7613
7615
7618
7620
7622
7625
7627
7630
7632
7634
7637
7639
7642
7644
7646
7649
7651
7654
7656
7658
7661
7663
7666
7668
7670
7673
7675
7678
7680
7682
7685
7687
7690
7692
7694
7697
7699
7702
7704
7706
7709
7711
7714
7716
7718
7721
7723
7726
7728
7730
7733
7735
7738
7740
7742
7745
7747
7750
7752
7754
7757
7759
7762
7764
7766
7769
7771
7774
7776
7778
7781
7783
7786
7788
7790
7793
7795
7798
7800
7802
7805
7807
7810
7812
7814
7817
7819
7822
7824
7826
7829
7831
7834
7836
7838
7841
7843
7846
7848
7850
7853
7855
7858
7860
7862
7865
7867
7870
7872
7874
7877
7879
7882
7884
7886
7889
7891
7894
7896
7898
7901
7903
7906
7908
7910
7913
7915
7918
7920
7922
7925
7927
7930
7932
7934
7937
7939
7942
7944
7946
7949
7951
7954
7956
7958
7961
7963
7966
7968
7970
7973
7975
7978
7980
7982
7985
7987
7990
7992
7994
7997
7999
8002
8004
8006
8009
8011
8014
8016
8018
8021
8023
8026
8028
8030
8033
8035
8038
8040
8042
8045
8047
8050
8052
8054
8057
8059
8062
8064
8066
8069
8071
8074
8076
8078
8081
8083
8086
8088
8090
8093
8095
8098
8100
8102
8105
8107
8110
8112
8114
8117
8119
8122
8124
8126
8129
8131
8134
8136
8138
8141
8143
8146
8148
8150
8153
8155
8158
8160
8162
8165
8167
8170
8172
8174
8177
8179
8182
8184
8186
8189
8191
8194
8196
8198
8201
8203
8206
8208
8210
8213
8215
8218
8220
8222
8225
8227
8230
8232
8234
8237
8239
8242
8244
8246
8249
8251
8254
8256
8258
8261
8263
8266
8268
8270
8273
8275
8278
8280
8282
8285
8287
8290
8292
8294
8297
8299
8302
8304
8306
8309
8311
8314
8316
8318
8321
8323
8326
8328
8330
8333
8335
8338
8340
8342
8345
8347
8350
8352
8354
8357
8359
8362
8364
8366
8369
8371
8374
8376
8378
8381
8383
8386
8388
8390
8393
8395
8398
8400
8402
8405
8407
8410
8412
8414
8417
8419
8422
8424
8426
8429
8431
8434
8436
8438
8441
8443
8446
8448
8450
8453
8455
8458
8460
8462
8465
8467
8470
8472
8474
8477
8479
8482
8484
8486
8489
8491
8494
8496
8498
8501
8503
8506
8508
8510
8513
8515
8518
8520
8522
8525
8527
8530
8532
8534
8537
8539
8542
8544
8546
8549
8551
8554
8556
8558
8561
8563
8566
8568
8570
8573
8575
8578
8580
8582
8585
8587
8590
8592
8594
8597
8599
8602
8604
8606
8609
8611
8614
8616
8618
8621
8623
8626
8628
8630
8633
8635
8638
8640
8642
8645
8647
8650
8652
8654
8657
8659
8662
8664
8666
8669
8671
8674
8676
8678
8681
8683
8686
8688
8690
8693
8695
8698
8700
8702
8705
8707
8710
8712
8714
8717
8719
8722
8724
8726
8729
8731
8734
8736
8738
8741
8743
8746
8748
8750
8753
8755
8758
8760
8762
8765
8767
8770
8772
8774
8777
8779
8782
8784
8786
8789
8791
8794
8796
8798
8801
8803
8806
8808
8810
8813
8815
8818
8820
8822
8825
8827
8830
8832
8834
8837
8839
8842
8844
8846
8849
8851
8854
8856
8858
8861
8863
8866
8868
8870
8873
8875
8878
8880
8882
8885
8887
8890
8892
8894
8897
8899
8902
8904
8906
8909
8911
8914
8916
8918
8921
8923
8926
8928
8930
8933
8935
8938
8940
8942
8945
8947
8950
8952
8954
8957
8959
8962
8964
8966
8969
8971
8974
8976
8978
8981
8983
8986
8988
8990
8993
8995
8998
9000
9002
9005
9007
9010
9012
9014
9017
9019
9022
9024
9026
9029
9031
9034
9036
9038
9041
9043
9046
9048
9050
9053
9055
9058
9060
9062
9065
9067
9070
9072
9074
9077
9079
9082
9084
9086
9089
9091
9094
9096
9098
9101
9103
9106
9108
9110
9113
9115
9118
9120
9122
9125
9127
9130
9132
9134
9137
9139
9142
9144
9146
9149
9151
9154
9156
9158
9161
9163
9166
9168
9170
9173
9175
9178
9180
9182
9185
9187
9190
9192
9194
9197
9199
9202
9204
9206
9209
9211
9214
9216
9218
9221
9223
9226
9228
9230
9233
9235
9238
9240
9242
9245
9247
9250
9252
9254
9257
9259
9262
9264
9266
9269
9271
9274
9276
9278
9281
9283
9286
9288
9290
9293
9295
9298
9300
9302
9305
9307
9310
9312
9314
9317
9319
9322
9324
9326
9329
9331
9334
9336
9338
9341
9343
9346
9348
9350
9353
9355
9358
9360
9362
9365
9367
9370
9372
9374
9377
9379
9382
9384
9386
9389
9391
9394
9396
9398
9401
9403
9406
9408
9410
9413
9415
9418
9420
9422
9425
9427
9430
9432
9434
9437
9439
9442
9444
9446
9449
9451
9454
9456
9458
9461
9463
9466
9468
9470
9473
9475
9478
9480
9482
9485
9487
9490
9492
9494
9497
9499
9502
9504
9506
9509
9511
9514
9516
9518
9521
9523
9526
9528
9530
9533
9535
9538
9540
9542
9545
9547
9550
9552
9554
9557
9559
9562
9564
9566
9569
9571
9574
9576
9578
9581
9583
9586
9588
9590
9593
9595
9598
9600
9602
9605
9607
9610
9612
9614
9617
9619
9622
9624
9626
9629
9631
9634
9636
9638
9641
9643
9646
9648
9650
9653
9655
9658
9660
9662
9665
9667
9670
9672
9674
9677
9679
9682
9684
9686
9689
9691
9694
9696
9698
9701
9703
9706
9708
9710
9713
9715
9718
9720
9722
9725
9727
9730
9732
9734
9737
9739
9742
9744
9746
9749
9751
9754
9756
9758
9761
9763
9766
9768
9770
9773
9775
9778
9780
9782
9785
9787
9790
9792
9794
9797
9799
9802
9804
9806
9809
9811
9814
9816
9818
9821
9823
9826
9828
9830
9833
9835
9838
9840
9842
9845
9847
9850
9852
9854
9857
9859
9862
9864
9866
9869
9871
9874
9876
9878
9881
9883
9886
9888
9890
9893
9895
9898
9900
9902
9905
9907
9910
9912
9914
9917
9919
9922
9924
9926
9929
9931
9934
9936
9938
9941
9943
9946
9948
9950
9953
9955
9958
9960
9962
9965
9967
9970
9972
9974
9977
9979
9982
9984
9986
9989
9991
9994
9996
9998
10001
10003
10006
10008
10010
10013
10015
10018
10020
10022
10025
10027
10030
10032
10034
10037
10039
10042
10044
10046
10049
10051
10054
10056
10058
10061
10063
10066
10068
10070
10073
10075
10078
10080
10082
10085
10087
10090
10092
10094
10097
10099
10102
10104
10106
10109
10111
10114
10116
10118
10121
10123
10126
10128
10130
10133
10135
10138
10140
10142
10145
10147
10150
10152
10154
10157
10159
10162
10164
10166
10169
10171
10174
10176
10178
10181
10183
10186
10188
10190
10193
10195
10198
10200
10202
10205
10207
10210
10212
10214
10217
10219
10222
10224
10226
10229
10231
10234
10236
10238
10241
10243
10246
10248
10250
10253
10255
10258
10260
10262
10265
10267
10270
10272
10274
10277
10279
10282
10284
10286
10289
10291
10294
10296
10298
10301
10303
10306
10308
10310
10313
10315
10318
10320
10322
10325
10327
10330
10332
10334
10337
10339
10342
10344
10346
10349
10351
10354
10356
10358
10361
10363
10366
10368
10370
10373
10375
10378
10380
10382
10385
10387
10390
10392
10394
10397
10399
10402
10404
10406
10409
10411
10414
10416
10418
10421
10423
10426
10428
10430
10433
10435
10438
10440
10442
10445
10447
10450
10452
10454
10457
10459
10462
10464
10466
10469
10471
10474
10476
10478
10481
10483
10486
10488
10490
10493
10495
10498
10500
10502
10505
10507
10510
10512
10514
10517
10519
10522
10524
10526
10529
10531
10534
10536
10538
10541
10543
10546
10548
10550
10553
10555
10558
10560
10562
10565
10567
10570
10572
10574
10577
10579
10582
10584
10586
10589
10591
10594
10596
10598
10601
10603
10606
10608
10610
10613
10615
10618
10620
10622
10625
10627
10630
10632
10634
10637
10639
10642
10644
10646
10649
10651
10654
10656
10658
10661
10663
10666
10668
10670
10673
10675
10678
10680
10682
10685
10687
10690
10692
10694
10697
10699
10702
10704
10706
10709
10711
10714
10716
10718
10721
10723
10726
10728
10730
10733
10735
10738
10740
10742
10745
10747
10750
10752
10754
10757
10759
10762
10764
10766
10769
10771
10774
10776
10778
10781
10783
10786
10788
10790
10793
10795
10798
10800
10802
10805
10807
10810
10812
10814
10817
10819
10822
10824
10826
10829
10831
10834
10836
10838
10841
10843
10846
10848
10850
10853
10855
10858
10860
10862
10865
10867
10870
10872
10874
10877
10879
10882
10884
10886
10889
10891
10894
10896
10898
10901
10903
10906
10908
10910
10913
10915
10918
10920
10922
10925
10927
10930
10932
10934
10937
10939
10942
10944
10946
10949
10951
10954
10956
10958
10961
10963
10966
10968
10970
10973
10975
10978
10980
10982
10985
10987
10990
10992
10994
10997
10999
11002
11004
11006
11009
11011
11014
11016
11018
11021
11023
11026
11028
11030
11033
11035
11038
11040
11042
11045
11047
11050
11052
11054
11057
11059
11062
11064
11066
11069
11071
11074
11076
11078
11081
11083
11086
11088
11090
11093
11095
11098
11100
11102
11105
11107
11110
11112
11114
11117
11119
11122
11124
11126
11129
11131
11134
11136
11138
11141
11143
11146
11148
11150
11153
11155
11158
11160
11162
11165
11167
11170
11172
11174
11177
11179
11182
11184
11186
11189
11191
11194
11196
11198
11201
11203
11206
11208
11210
11213
11215
11218
11220
11222
11225
11227
11230
11232
11234
11237
11239
11242
11244
11246
11249
11251
11254
11256
11258
11261
11263
11266
11268
11270
11273
11275
11278
11280
11282
11285
11287
11290
11292
11294
11297
11299
11302
11304
11306
11309
11311
11314
11316
11318
11321
11323
11326
11328
11330
11333
11335
11338
11340
11342
11345
11347
11350
11352
11354
11357
11359
11362
11364
11366
11369
11371
11374
11376
11378
11381
11383
11386
11388
11390
11393
11395
11398
11400
11402
11405
11407
11410
11412
11414
11417
11419
11422
11424
11426
11429
11431
11434
11436
11438
11441
11443
11446
11448
11450
11453
11455
11458
11460
11462
11465
11467
11470
11472
11474
11477
11479
11482
11484
11486
11489
11491
11494
11496
11498
11501
11503
11506
11508
11510
11513
11515
11518
11520
11522
11525
11527
11530
11532
11534
11537
11539
11542
11544
11546
11549
11551
11554
11556
11558
11561
11563
11566
11568
11570
11573
11575
11578
11580
11582
11585
11587
11590
11592
11594
11597
11599
11602
11604
11606
11609
11611
11614
11616
11618
11621
11623
11626
11628
11630
11633
11635
11638
11640
11642
11645
11647
11650
11652
11654
11657
11659
11662
11664
11666
11669
11671
11674
11676
11678
11681
11683
11686
11688
11690
11693
11695
11698
11700
11702
11705
11707
11710
11712
11714
11717
11719
11722
11724
11726
11729
11731
11734
11736
11738
11741
11743
11746
11748
11750
11753
11755
11758
11760
11762
11765
11767
11770
11772
11774
11777
11779
11782
11784
11786
11789
11791
11794
11796
11798
11801
11803
11806
11808
11810
11813
11815
11818
11820
11822
11825
11827
11830
11832
11834
11837
11839
11842
11844
11846
11849
11851
11854
11856
11858
11861
11863
11866
11868
11870
11873
11875
11878
11880
11882
11885
11887
11890
11892
11894
11897
11899
11902
11904
11906
11909
11911
11914
11916
11918
11921
11923
11926
11928
11930
11933
11935
11938
11940
11942
11945
11947
11950
11952
11954
11957
11959
11962
11964
11966
11969
11971
11974
11976
11978
11981
11983
11986
11988
11990
11993
11995
11998
12000
